\BOOKMARK [1][-]{section.1}{\376\377\000I\000n\000t\000r\000o\000d\000u\000c\000t\000i\000o\000n}{}% 1
\BOOKMARK [1][-]{section.2}{\376\377\000B\000a\000c\000k\000g\000r\000o\000u\000n\000d\000\040\000a\000n\000d\000\040\000R\000e\000l\000a\000t\000e\000d\000\040\000W\000o\000r\000k}{}% 2
\BOOKMARK [1][-]{section.3}{\376\377\000M\000e\000t\000h\000o\000d\000s}{}% 3
\BOOKMARK [2][-]{subsection.3.1}{\376\377\000P\000r\000o\000b\000l\000e\000m\000\040\000F\000o\000r\000m\000u\000l\000a\000t\000i\000o\000n}{section.3}% 4
\BOOKMARK [2][-]{subsection.3.2}{\376\377\000D\000a\000t\000a\000\040\000a\000n\000d\000\040\000T\000i\000m\000e\000\040\000B\000u\000c\000k\000e\000t\000s}{section.3}% 5
\BOOKMARK [2][-]{subsection.3.3}{\376\377\000G\000r\000a\000p\000h\000\040\000C\000o\000n\000s\000t\000r\000u\000c\000t\000i\000o\000n}{section.3}% 6
\BOOKMARK [2][-]{subsection.3.4}{\376\377\000M\000o\000d\000e\000l\000\040\000a\000n\000d\000\040\000T\000r\000a\000i\000n\000i\000n\000g\000\040\000O\000b\000j\000e\000c\000t\000i\000v\000e}{section.3}% 7
\BOOKMARK [2][-]{subsection.3.5}{\376\377\000H\000e\000u\000r\000i\000s\000t\000i\000c\000\040\000V\000a\000l\000i\000d\000a\000t\000i\000o\000n\000\040\000\050\000N\000o\000t\000\040\000S\000u\000p\000e\000r\000v\000i\000s\000e\000d\000\040\000L\000a\000b\000e\000l\000s\000\051}{section.3}% 8
\BOOKMARK [2][-]{subsection.3.6}{\376\377\000W\000h\000i\000c\000h\000\040\000N\000u\000m\000b\000e\000r\000s\000\040\000A\000r\000e\000\040\000`\000`\000T\000h\000e\000\040\000S\000a\000m\000e\000\040\000E\000x\000p\000e\000r\000i\000m\000e\000n\000t\000'\000'\000?}{section.3}% 9
\BOOKMARK [1][-]{section.4}{\376\377\000R\000e\000s\000u\000l\000t\000s}{}% 10
\BOOKMARK [2][-]{subsection.4.1}{\376\377\000Q\000u\000a\000n\000t\000i\000t\000a\000t\000i\000v\000e\000\040\000P\000e\000r\000f\000o\000r\000m\000a\000n\000c\000e\000\040\000\050\000T\000G\000C\000N\000\051}{section.4}% 11
\BOOKMARK [2][-]{subsection.4.2}{\376\377\000G\000e\000o\000g\000r\000a\000p\000h\000i\000c\000\040\000V\000a\000l\000i\000d\000a\000t\000i\000o\000n\000\040\000a\000n\000d\000\040\000C\000a\000s\000e\000\040\000S\000t\000u\000d\000i\000e\000s}{section.4}% 12
\BOOKMARK [3][-]{subsubsection.4.2.1}{\376\377\000G\000e\000a\000r\000-\000A\000w\000a\000r\000e\000\040\000C\000a\000n\000d\000i\000d\000a\000t\000e\000\040\000S\000t\000r\000a\000t\000i\000f\000i\000c\000a\000t\000i\000o\000n}{subsection.4.2}% 13
\BOOKMARK [2][-]{subsection.4.3}{\376\377\000M\000o\000n\000t\000h\000l\000y\000\040\000O\000v\000e\000r\000l\000a\000p\000\040\000a\000n\000d\000\040\000C\000l\000u\000s\000t\000e\000r\000\040\000C\000o\000n\000t\000e\000x\000t}{section.4}% 14
\BOOKMARK [3][-]{subsubsection.4.3.1}{\376\377\000G\000e\000a\000r\000\040\000T\000y\000p\000e\000\040\000C\000o\000d\000e\000s}{subsection.4.3}% 15
\BOOKMARK [2][-]{subsection.4.4}{\376\377\000E\000x\000p\000l\000o\000r\000a\000t\000o\000r\000y\000\040\000S\000h\000o\000r\000t\000-\000W\000i\000n\000d\000o\000w\000\040\000A\000n\000a\000l\000y\000s\000i\000s\000\040\000\050\000A\000u\000g\000u\000s\000t\000\040\0002\0000\0001\0007\000\051}{section.4}% 16
\BOOKMARK [1][-]{section.5}{\376\377\000L\000i\000m\000i\000t\000a\000t\000i\000o\000n\000s}{}% 17
\BOOKMARK [2][-]{subsection.5.1}{\376\377\000T\000h\000r\000e\000a\000t\000s\000\040\000t\000o\000\040\000V\000a\000l\000i\000d\000i\000t\000y}{section.5}% 18
\BOOKMARK [2][-]{subsection.5.2}{\376\377\000D\000e\000s\000i\000g\000n\000\040\000a\000n\000d\000\040\000D\000a\000t\000a\000\040\000C\000o\000n\000s\000t\000r\000a\000i\000n\000t\000s}{section.5}% 19
\BOOKMARK [1][-]{section.6}{\376\377\000C\000o\000n\000c\000l\000u\000s\000i\000o\000n\000\040\000a\000n\000d\000\040\000F\000u\000t\000u\000r\000e\000\040\000W\000o\000r\000k}{}% 20
\BOOKMARK [1][-]{appendix.A}{\376\377\000G\000e\000a\000r\000\040\000T\000y\000p\000e\000\040\000C\000o\000d\000e\000s}{}% 21
\BOOKMARK [2][-]{subsection.A.1}{\376\377\000S\000o\000u\000r\000c\000e\000\040\000o\000f\000\040\000L\000a\000b\000e\000l\000s}{appendix.A}% 22
\BOOKMARK [2][-]{subsection.A.2}{\376\377\000C\000o\000d\000e\000s\000\040\000U\000s\000e\000d}{appendix.A}% 23
\BOOKMARK [2][-]{subsection.A.3}{\376\377\000H\000o\000w\000\040\000t\000o\000\040\000I\000n\000t\000e\000r\000p\000r\000e\000t\000\040\000L\000a\000b\000e\000l\000s}{appendix.A}% 24
\BOOKMARK [1][-]{appendix.B}{\376\377\000R\000e\000p\000r\000o\000d\000u\000c\000i\000b\000i\000l\000i\000t\000y}{}% 25
\BOOKMARK [1][-]{appendix.C}{\376\377\000N\000o\000t\000a\000t\000i\000o\000n\000\040\000a\000n\000d\000\040\000F\000o\000r\000m\000a\000l\000\040\000P\000r\000o\000b\000l\000e\000m\000\040\000S\000e\000t\000u\000p}{}% 26
\BOOKMARK [2][-]{subsection.C.1}{\376\377\000S\000y\000m\000b\000o\000l\000\040\000G\000l\000o\000s\000s\000a\000r\000y}{appendix.C}% 27
\BOOKMARK [2][-]{subsection.C.2}{\376\377\000G\000r\000a\000p\000h\000\040\000S\000e\000m\000a\000n\000t\000i\000c\000s}{appendix.C}% 28
\BOOKMARK [2][-]{subsection.C.3}{\376\377\000T\000e\000m\000p\000o\000r\000a\000l\000\040\000L\000i\000n\000k\000\040\000P\000r\000e\000d\000i\000c\000t\000i\000o\000n\000\040\000O\000b\000j\000e\000c\000t\000i\000v\000e\000\040\000\050\000I\000n\000f\000o\000r\000m\000a\000l\000\051}{appendix.C}% 29
\BOOKMARK [2][-]{subsection.C.4}{\376\377\000T\000r\000a\000i\000n\000i\000n\000g\000\040\000v\000s\000.\000\040\000V\000a\000l\000i\000d\000a\000t\000i\000o\000n\000\040\000D\000i\000s\000t\000a\000n\000c\000e\000s}{appendix.C}% 30
